---
source: crates/runtime/tests/integration.rs
description: "Query: SELECT id, col_bit, col_tiny, col_short, col_long, col_longlong, col_float, col_double, col_timestamp, col_date, col_time, col_blob, col_string, col_decimal, col_unsigned_int, col_char, col_set FROM test"
---
+---------------+-----------------------------------------------------------------------------------------------------------------------------------------------------------------------------------------------------------------------------------------------------------------------------------+
| plan_type     | plan                                                                                                                                                                                                                                                                              |
+---------------+-----------------------------------------------------------------------------------------------------------------------------------------------------------------------------------------------------------------------------------------------------------------------------------+
| logical_plan  | BytesProcessedNode                                                                                                                                                                                                                                                                |
|               |   TableScan: test projection=[id, col_bit, col_tiny, col_short, col_long, col_longlong, col_float, col_double, col_timestamp, col_date, col_time, col_blob, col_string, col_decimal, col_unsigned_int, col_char, col_set]                                                         |
| physical_plan | BytesProcessedExec                                                                                                                                                                                                                                                                |
|               |   TrinoSQLExec sql=SELECT "id", "col_bit", "col_tiny", "col_short", "col_long", "col_longlong", "col_float", "col_double", "col_timestamp", "col_date", "col_time", "col_blob", "col_string", "col_decimal", "col_unsigned_int", "col_char", "col_set" FROM memory.default.test   |
|               |                                                                                                                                                                                                                                                                                   |
+---------------+-----------------------------------------------------------------------------------------------------------------------------------------------------------------------------------------------------------------------------------------------------------------------------------+
